I'm sorry, but errors were detected in your script. Please correct the
errors listed below, and try again.


File "game/script.rpy", line 827: expected 'simple_expression' not found.
    centered "{size=+9}The End.{w=3.0}{nw}" with 
                                                 ^

Ren'Py Version: Ren'Py 7.3.2.320
Sat Aug 31 13:57:44 2019
